INFO:root:Loading model with dtype: <class 'jax.numpy.float32'>...
INFO:2026-09-22 15:46:23,760:jax._src.xla_bridge:945: Unable to initialize backend 'rocm': module 'jaxlib.xla_extension' has no attribute 'GpuAllocatorConfig'
INFO:jax._src.xla_bridge:Unable to initialize backend 'rocm': module 'jaxlib.xla_extension' has no attribute 'GpuAllocatorConfig'
INFO:2026-09-22 15:46:23,761:jax._src.xla_bridge:945: Unable to initialize backend 'tpu': INTERNAL: Failed to open libtpu.so: libtpu.so: cannot open shared object file: No such file or directory
INFO:jax._src.xla_bridge:Unable to initialize backend 'tpu': INTERNAL: Failed to open libtpu.so: libtpu.so: cannot open shared object file: No such file or directory
INFO:absl:orbax-checkpoint version: 0.11.1
INFO:absl:Created BasePyTreeCheckpointHandler: pytree_metadata_options=PyTreeMetadataOptions(support_rich_types=False), array_metadata_store=None
INFO:absl:Restoring checkpoint from /data/zjc/workspace/models/ContextFlow/ContextFlow_run1/19999/params.
INFO:absl:[thread=MainThread] Failed to get flag value for EXPERIMENTAL_ORBAX_USE_DISTRIBUTED_PROCESS_ID.
INFO:absl:[process=0] /jax/checkpoint/read/bytes_per_sec: 532.1 MiB/s (total bytes: 8.1 GiB) (time elapsed: 15 seconds) (per-host)
INFO:absl:Finished restoring checkpoint from /data/zjc/workspace/models/ContextFlow/ContextFlow_run1/19999/params.
INFO:absl:[process=0][thread=MainThread] Skipping global process sync, barrier name: Checkpointer:restore
asset_id:  physical-intelligence/libero
assets.asset_id:  None
repo_id:  physical-intelligence/libero
INFO:root:Loaded norm stats from /data/zjc/workspace/ContextFlow/assets/ContextFlow/physical-intelligence/libero
Fetching 4 files:   0%|          | 0/4 [00:00<?, ?it/s]Fetching 4 files: 100%|██████████| 4/4 [00:00<00:00, 13148.29it/s]
Fetching 4 files:   0%|          | 0/4 [00:00<?, ?it/s]Fetching 4 files: 100%|██████████| 4/4 [00:00<00:00, 6587.05it/s]
Fetching 1699 files:   0%|          | 0/1699 [00:00<?, ?it/s]Fetching 1699 files:  12%|█▏        | 209/1699 [00:00<00:00, 2060.34it/s]Fetching 1699 files:  25%|██▍       | 421/1699 [00:00<00:00, 2065.03it/s]Fetching 1699 files:  37%|███▋      | 632/1699 [00:00<00:00, 2080.42it/s]Fetching 1699 files:  49%|████▉     | 841/1699 [00:00<00:00, 2065.48it/s]Fetching 1699 files:  62%|██████▏   | 1049/1699 [00:00<00:00, 2066.84it/s]Fetching 1699 files:  74%|███████▍  | 1261/1699 [00:00<00:00, 2075.01it/s]Fetching 1699 files:  87%|████████▋ | 1477/1699 [00:00<00:00, 2087.28it/s]Fetching 1699 files:  99%|█████████▉| 1687/1699 [00:00<00:00, 2087.85it/s]Fetching 1699 files: 100%|██████████| 1699/1699 [00:00<00:00, 2087.53it/s]
INFO:root:Loaded norm stats from /data/zjc/workspace/models/ContextFlow/ContextFlow_run1/19999/assets/physical-intelligence/libero
INFO:root:Creating server (host: 10-118-231-160, bind: 0.0.0.0:8810)
INFO:websockets.server:server listening on 0.0.0.0:8810
INFO:websockets.server:connection open
INFO:root:Connection from ('127.0.0.1', 56812) opened
INFO:root:Connection from ('127.0.0.1', 56812) closed
INFO:websockets.server:connection open
INFO:root:Connection from ('127.0.0.1', 56822) opened
INFO:root:[InjectDemoFromCustomDataset] Test task: 'pick up the milk and place it in the basket' (index=25), demo episode(s): [814]
INFO:root:[InjectDemoFromCustomDataset] Test task: 'pick up the tomato sauce and place it in the basket' (index=28), demo episode(s): [821]
INFO:root:[InjectDemoFromCustomDataset] Test task: 'pick up the milk and place it in the basket' (index=25), demo episode(s): [814]
INFO:root:[InjectDemoFromCustomDataset] Test task: 'pick up the tomato sauce and place it in the basket' (index=28), demo episode(s): [821]
INFO:root:[InjectDemoFromCustomDataset] Test task: 'pick up the tomato sauce and place it in the basket' (index=25), demo episode(s): [814]
INFO:root:Connection from ('127.0.0.1', 56822) closed
INFO:websockets.server:connection open
INFO:root:Connection from ('127.0.0.1', 42088) opened
INFO:root:[InjectDemoFromCustomDataset] Test task: 'pick up the tomato sauce and place it in the basket' (index=28), demo episode(s): [821]
