[robosuite WARNING] No private macro file found! (macros.py:53)
[robosuite WARNING] It is recommended to use a private macro file (macros.py:54)
[robosuite WARNING] To setup, run: python /data/zjc/workspace/ContextFlow/examples/libero/.venv/lib/python3.8/site-packages/robosuite/scripts/setup_macros.py (macros.py:55)
Gym has been unmaintained since 2022 and does not support NumPy 2.0 amongst other critical functionality.
Please upgrade to Gymnasium, the maintained drop-in replacement of Gym, or contact the authors of your software and request that they upgrade.
See the migration guide at https://gymnasium.farama.org/introduction/migration_guide/ for additional information.
/data/zjc/workspace/ContextFlow/examples/libero/.venv/lib/python3.8/site-packages/numba/np/arraymath.py:3845: DeprecationWarning: `np.MachAr` is deprecated (NumPy 1.22).
  @overload(np.MachAr)
INFO:root:Waiting for server at ws://127.0.0.1:8131...
INFO:root:Task 3 seen 1/50 success=False goals=[True, False] (30.4s)
INFO:root:Task 3 seen 2/50 success=True goals=[True, True] (17.0s)
INFO:root:Task 3 seen 3/50 success=True goals=[True, True] (15.7s)
INFO:root:Task 3 seen 4/50 success=True goals=[True, True] (15.6s)
INFO:root:Task 3 seen 5/50 success=True goals=[True, True] (14.3s)
INFO:root:Task 3 seen 6/50 success=False goals=[True, False] (29.2s)
INFO:root:Task 3 seen 7/50 success=False goals=[True, False] (28.0s)
INFO:root:Task 3 seen 8/50 success=True goals=[True, True] (17.6s)
INFO:root:Task 3 seen 9/50 success=True goals=[True, True] (17.5s)
INFO:root:Task 3 seen 10/50 success=True goals=[True, True] (13.7s)
INFO:root:Task 3 seen 11/50 success=True goals=[True, True] (12.2s)
INFO:root:Task 3 seen 12/50 success=True goals=[True, True] (17.1s)
INFO:root:Task 3 seen 13/50 success=False goals=[True, False] (28.1s)
INFO:root:Task 3 seen 14/50 success=True goals=[True, True] (14.8s)
INFO:root:Task 3 seen 15/50 success=True goals=[True, True] (13.2s)
INFO:root:Task 3 seen 16/50 success=True goals=[True, True] (13.7s)
INFO:root:Task 3 seen 17/50 success=True goals=[True, True] (16.9s)
INFO:root:Task 3 seen 18/50 success=False goals=[True, False] (28.1s)
INFO:root:Task 3 seen 19/50 success=True goals=[True, True] (15.8s)
INFO:root:Task 3 seen 20/50 success=True goals=[True, True] (15.4s)
INFO:root:Task 3 seen 21/50 success=True goals=[True, True] (13.5s)
INFO:root:Task 3 seen 22/50 success=True goals=[True, True] (13.3s)
INFO:root:Task 3 seen 23/50 success=True goals=[True, True] (12.6s)
INFO:root:Task 3 seen 24/50 success=True goals=[True, True] (16.0s)
INFO:root:Task 3 seen 25/50 success=True goals=[True, True] (15.4s)
INFO:root:Task 3 seen 26/50 success=False goals=[True, False] (28.1s)
INFO:root:Task 3 seen 27/50 success=True goals=[True, True] (18.8s)
INFO:root:Task 3 seen 28/50 success=True goals=[True, True] (15.1s)
INFO:root:Task 3 seen 29/50 success=True goals=[True, True] (15.7s)
INFO:root:Task 3 seen 30/50 success=False goals=[True, False] (28.3s)
INFO:root:Task 3 seen 31/50 success=True goals=[True, True] (16.0s)
INFO:root:Task 3 seen 32/50 success=False goals=[True, False] (28.1s)
INFO:root:Task 3 seen 33/50 success=True goals=[True, True] (13.5s)
INFO:root:Task 3 seen 34/50 success=False goals=[True, False] (28.3s)
INFO:root:Task 3 seen 35/50 success=True goals=[True, True] (13.9s)
INFO:root:Task 3 seen 36/50 success=True goals=[True, True] (18.3s)
INFO:root:Task 3 seen 37/50 success=True goals=[True, True] (13.6s)
INFO:root:Task 3 seen 38/50 success=True goals=[True, True] (14.4s)
INFO:root:Task 3 seen 39/50 success=False goals=[True, False] (28.2s)
INFO:root:Task 3 seen 40/50 success=True goals=[True, True] (14.7s)
INFO:root:Task 3 seen 41/50 success=False goals=[True, False] (27.9s)
INFO:root:Task 3 seen 42/50 success=True goals=[True, True] (18.0s)
INFO:root:Task 3 seen 43/50 success=True goals=[True, True] (17.2s)
INFO:root:Task 3 seen 44/50 success=True goals=[True, True] (14.2s)
INFO:root:Task 3 seen 45/50 success=False goals=[True, False] (28.3s)
INFO:root:Task 3 seen 46/50 success=False goals=[True, False] (28.0s)
INFO:root:Task 3 seen 47/50 success=True goals=[True, True] (13.0s)
INFO:root:Task 3 seen 48/50 success=True goals=[True, True] (27.7s)
INFO:root:Task 3 seen 49/50 success=True goals=[True, True] (14.6s)
INFO:root:Task 3 seen 50/50 success=True goals=[True, True] (15.7s)
[info] using task orders [0, 1, 2, 3, 4, 5, 6, 7, 8, 9]
