[robosuite WARNING] No private macro file found! (macros.py:53)
[robosuite WARNING] It is recommended to use a private macro file (macros.py:54)
[robosuite WARNING] To setup, run: python /data/zjc/workspace/ContextFlow/examples/libero/.venv/lib/python3.8/site-packages/robosuite/scripts/setup_macros.py (macros.py:55)
Gym has been unmaintained since 2022 and does not support NumPy 2.0 amongst other critical functionality.
Please upgrade to Gymnasium, the maintained drop-in replacement of Gym, or contact the authors of your software and request that they upgrade.
See the migration guide at https://gymnasium.farama.org/introduction/migration_guide/ for additional information.
/data/zjc/workspace/ContextFlow/examples/libero/.venv/lib/python3.8/site-packages/numba/np/arraymath.py:3845: DeprecationWarning: `np.MachAr` is deprecated (NumPy 1.22).
  @overload(np.MachAr)
INFO:root:Waiting for server at ws://127.0.0.1:8135...
INFO:root:Task 2 seen 1/50 success=True goals=[True, True] (26.5s)
INFO:root:Task 2 seen 2/50 success=True goals=[True, True] (16.7s)
INFO:root:Task 2 seen 3/50 success=True goals=[True, True] (15.9s)
INFO:root:Task 2 seen 4/50 success=True goals=[True, True] (15.5s)
INFO:root:Task 2 seen 5/50 success=True goals=[True, True] (22.6s)
INFO:root:Task 2 seen 6/50 success=True goals=[True, True] (16.3s)
INFO:root:Task 2 seen 7/50 success=False goals=[False, False] (33.0s)
INFO:root:Task 2 seen 8/50 success=True goals=[True, True] (17.4s)
INFO:root:Task 2 seen 9/50 success=True goals=[True, True] (17.3s)
INFO:root:Task 2 seen 10/50 success=True goals=[True, True] (20.8s)
INFO:root:Task 2 seen 11/50 success=True goals=[True, True] (19.6s)
INFO:root:Task 2 seen 12/50 success=True goals=[True, True] (16.0s)
INFO:root:Task 2 seen 13/50 success=False goals=[False, False] (32.7s)
INFO:root:Task 2 seen 14/50 success=False goals=[False, False] (32.8s)
INFO:root:Task 2 seen 15/50 success=True goals=[True, True] (17.5s)
INFO:root:Task 2 seen 16/50 success=True goals=[True, True] (17.3s)
INFO:root:Task 2 seen 17/50 success=True goals=[True, True] (16.2s)
INFO:root:Task 2 seen 18/50 success=False goals=[False, False] (32.6s)
INFO:root:Task 2 seen 19/50 success=False goals=[False, False] (32.7s)
INFO:root:Task 2 seen 20/50 success=True goals=[True, True] (18.9s)
INFO:root:Task 2 seen 21/50 success=False goals=[False, False] (32.9s)
INFO:root:Task 2 seen 22/50 success=False goals=[False, False] (32.7s)
INFO:root:Task 2 seen 23/50 success=True goals=[True, True] (17.4s)
INFO:root:Task 2 seen 24/50 success=True goals=[True, True] (18.1s)
INFO:root:Task 2 seen 25/50 success=True goals=[True, True] (16.5s)
INFO:root:Task 2 seen 26/50 success=True goals=[True, True] (17.4s)
INFO:root:Task 2 seen 27/50 success=True goals=[True, True] (18.5s)
INFO:root:Task 2 seen 28/50 success=True goals=[True, True] (17.9s)
INFO:root:Task 2 seen 29/50 success=False goals=[True, False] (29.7s)
INFO:root:Task 2 seen 30/50 success=True goals=[True, True] (15.4s)
INFO:root:Task 2 seen 31/50 success=True goals=[True, True] (15.4s)
INFO:root:Task 2 seen 32/50 success=True goals=[True, True] (14.9s)
INFO:root:Task 2 seen 33/50 success=True goals=[True, True] (14.9s)
INFO:root:Task 2 seen 34/50 success=True goals=[True, True] (15.5s)
INFO:root:Task 2 seen 35/50 success=True goals=[True, True] (15.2s)
INFO:root:Task 2 seen 36/50 success=False goals=[False, False] (29.3s)
INFO:root:Task 2 seen 37/50 success=False goals=[False, False] (28.4s)
INFO:root:Task 2 seen 38/50 success=False goals=[False, False] (28.8s)
INFO:root:Task 2 seen 39/50 success=False goals=[False, False] (29.4s)
INFO:root:Task 2 seen 40/50 success=True goals=[True, True] (13.1s)
INFO:root:Task 2 seen 41/50 success=False goals=[True, False] (29.4s)
INFO:root:Task 2 seen 42/50 success=True goals=[True, True] (16.2s)
INFO:root:Task 2 seen 43/50 success=True goals=[True, True] (16.1s)
INFO:root:Task 2 seen 44/50 success=True goals=[True, True] (17.5s)
INFO:root:Task 2 seen 45/50 success=True goals=[True, True] (16.4s)
INFO:root:Task 2 seen 46/50 success=True goals=[True, True] (16.0s)
INFO:root:Task 2 seen 47/50 success=False goals=[False, False] (28.2s)
INFO:root:Task 2 seen 48/50 success=False goals=[False, False] (28.6s)
INFO:root:Task 2 seen 49/50 success=True goals=[True, True] (15.4s)
INFO:root:Task 2 seen 50/50 success=True goals=[True, True] (16.3s)
[info] using task orders [0, 1, 2, 3, 4, 5, 6, 7, 8, 9]
