[robosuite WARNING] No private macro file found! (macros.py:53)
[robosuite WARNING] It is recommended to use a private macro file (macros.py:54)
[robosuite WARNING] To setup, run: python /data/zjc/workspace/ContextFlow/examples/libero/.venv/lib/python3.8/site-packages/robosuite/scripts/setup_macros.py (macros.py:55)
Gym has been unmaintained since 2022 and does not support NumPy 2.0 amongst other critical functionality.
Please upgrade to Gymnasium, the maintained drop-in replacement of Gym, or contact the authors of your software and request that they upgrade.
See the migration guide at https://gymnasium.farama.org/introduction/migration_guide/ for additional information.
/data/zjc/workspace/ContextFlow/examples/libero/.venv/lib/python3.8/site-packages/numba/np/arraymath.py:3845: DeprecationWarning: `np.MachAr` is deprecated (NumPy 1.22).
  @overload(np.MachAr)
INFO:root:Waiting for server at ws://127.0.0.1:8131...
INFO:root:Task 10 unseen 1/50 success=False goals=[False] (30.8s)
INFO:root:Task 10 unseen 2/50 success=False goals=[False] (19.8s)
INFO:root:Task 10 unseen 3/50 success=False goals=[False] (18.2s)
INFO:root:Task 10 unseen 4/50 success=False goals=[False] (18.7s)
INFO:root:Task 10 unseen 5/50 success=False goals=[False] (18.2s)
INFO:root:Task 10 unseen 6/50 success=False goals=[False] (18.7s)
INFO:root:Task 10 unseen 7/50 success=False goals=[False] (18.9s)
INFO:root:Task 10 unseen 8/50 success=False goals=[False] (17.9s)
INFO:root:Task 10 unseen 9/50 success=False goals=[False] (18.7s)
INFO:root:Task 10 unseen 10/50 success=False goals=[False] (18.4s)
INFO:root:Task 10 unseen 11/50 success=False goals=[False] (18.8s)
INFO:root:Task 10 unseen 12/50 success=False goals=[False] (18.2s)
INFO:root:Task 10 unseen 13/50 success=False goals=[False] (19.1s)
INFO:root:Task 10 unseen 14/50 success=False goals=[False] (18.6s)
INFO:root:Task 10 unseen 15/50 success=False goals=[False] (18.1s)
INFO:root:Task 10 unseen 16/50 success=False goals=[False] (18.8s)
INFO:root:Task 10 unseen 17/50 success=False goals=[False] (18.7s)
INFO:root:Task 10 unseen 18/50 success=False goals=[False] (19.0s)
INFO:root:Task 10 unseen 19/50 success=False goals=[False] (18.0s)
INFO:root:Task 10 unseen 20/50 success=False goals=[False] (18.6s)
INFO:root:Task 10 unseen 21/50 success=False goals=[False] (18.0s)
INFO:root:Task 10 unseen 22/50 success=False goals=[False] (18.6s)
INFO:root:Task 10 unseen 23/50 success=False goals=[False] (18.3s)
INFO:root:Task 10 unseen 24/50 success=False goals=[False] (18.7s)
INFO:root:Task 10 unseen 25/50 success=False goals=[False] (18.6s)
INFO:root:Task 10 unseen 26/50 success=False goals=[False] (18.7s)
INFO:root:Task 10 unseen 27/50 success=False goals=[False] (18.4s)
INFO:root:Task 10 unseen 28/50 success=False goals=[False] (19.4s)
INFO:root:Task 10 unseen 29/50 success=False goals=[False] (18.1s)
INFO:root:Task 10 unseen 30/50 success=False goals=[False] (18.9s)
INFO:root:Task 10 unseen 31/50 success=False goals=[False] (18.3s)
INFO:root:Task 10 unseen 32/50 success=False goals=[False] (18.9s)
INFO:root:Task 10 unseen 33/50 success=False goals=[False] (18.2s)
INFO:root:Task 10 unseen 34/50 success=False goals=[False] (18.3s)
INFO:root:Task 10 unseen 35/50 success=False goals=[False] (18.6s)
INFO:root:Task 10 unseen 36/50 success=False goals=[False] (18.5s)
INFO:root:Task 10 unseen 37/50 success=False goals=[False] (18.2s)
INFO:root:Task 10 unseen 38/50 success=False goals=[False] (18.3s)
INFO:root:Task 10 unseen 39/50 success=False goals=[False] (18.7s)
INFO:root:Task 10 unseen 40/50 success=False goals=[False] (18.5s)
INFO:root:Task 10 unseen 41/50 success=False goals=[False] (18.1s)
INFO:root:Task 10 unseen 42/50 success=False goals=[False] (18.5s)
INFO:root:Task 10 unseen 43/50 success=False goals=[False] (18.0s)
INFO:root:Task 10 unseen 44/50 success=False goals=[False] (18.7s)
INFO:root:Task 10 unseen 45/50 success=False goals=[False] (18.1s)
INFO:root:Task 10 unseen 46/50 success=False goals=[False] (18.7s)
INFO:root:Task 10 unseen 47/50 success=False goals=[False] (18.3s)
INFO:root:Task 10 unseen 48/50 success=False goals=[False] (18.6s)
INFO:root:Task 10 unseen 49/50 success=False goals=[False] (18.5s)
INFO:root:Task 10 unseen 50/50 success=False goals=[False] (18.5s)
[info] using task orders [0, 1, 2, 3, 4, 5, 6, 7, 8, 9]
