[robosuite WARNING] No private macro file found! (macros.py:53)
[robosuite WARNING] It is recommended to use a private macro file (macros.py:54)
[robosuite WARNING] To setup, run: python /data/zjc/workspace/ContextFlow/examples/libero/.venv/lib/python3.8/site-packages/robosuite/scripts/setup_macros.py (macros.py:55)
Gym has been unmaintained since 2022 and does not support NumPy 2.0 amongst other critical functionality.
Please upgrade to Gymnasium, the maintained drop-in replacement of Gym, or contact the authors of your software and request that they upgrade.
See the migration guide at https://gymnasium.farama.org/introduction/migration_guide/ for additional information.
/data/zjc/workspace/ContextFlow/examples/libero/.venv/lib/python3.8/site-packages/numba/np/arraymath.py:3845: DeprecationWarning: `np.MachAr` is deprecated (NumPy 1.22).
  @overload(np.MachAr)
INFO:root:Waiting for server at ws://127.0.0.1:8137...
INFO:root:Task 6 seen 1/50 success=False goals=[True, True, True] (38.6s)
INFO:root:Task 6 seen 2/50 success=False goals=[False, False, True] (30.3s)
INFO:root:Task 6 seen 3/50 success=True goals=[True, True, True] (23.9s)
INFO:root:Task 6 seen 4/50 success=True goals=[True, True, True] (23.8s)
INFO:root:Task 6 seen 5/50 success=False goals=[False, False, True] (29.0s)
INFO:root:Task 6 seen 6/50 success=False goals=[False, True, True] (30.2s)
INFO:root:Task 6 seen 7/50 success=True goals=[True, True, True] (22.3s)
INFO:root:Task 6 seen 8/50 success=True goals=[True, True, True] (19.7s)
INFO:root:Task 6 seen 9/50 success=True goals=[True, True, True] (27.5s)
INFO:root:Task 6 seen 10/50 success=False goals=[True, True, True] (29.5s)
INFO:root:Task 6 seen 11/50 success=False goals=[False, False, True] (29.3s)
INFO:root:Task 6 seen 12/50 success=False goals=[True, False, True] (29.0s)
INFO:root:Task 6 seen 13/50 success=False goals=[False, True, True] (29.5s)
INFO:root:Task 6 seen 14/50 success=True goals=[True, True, True] (23.1s)
INFO:root:Task 6 seen 15/50 success=True goals=[True, True, True] (28.0s)
INFO:root:Task 6 seen 16/50 success=True goals=[True, True, True] (20.5s)
INFO:root:Task 6 seen 17/50 success=True goals=[True, True, True] (20.7s)
INFO:root:Task 6 seen 18/50 success=False goals=[False, False, True] (29.6s)
INFO:root:Task 6 seen 19/50 success=False goals=[False, True, True] (30.4s)
INFO:root:Task 6 seen 20/50 success=True goals=[True, True, True] (22.7s)
INFO:root:Task 6 seen 21/50 success=False goals=[False, False, True] (29.4s)
INFO:root:Task 6 seen 22/50 success=True goals=[True, True, True] (24.7s)
INFO:root:Task 6 seen 23/50 success=False goals=[False, True, True] (30.3s)
INFO:root:Task 6 seen 24/50 success=False goals=[False, True, True] (29.4s)
INFO:root:Task 6 seen 25/50 success=True goals=[True, True, True] (22.9s)
INFO:root:Task 6 seen 26/50 success=True goals=[True, True, True] (22.3s)
INFO:root:Task 6 seen 27/50 success=False goals=[False, True, True] (30.9s)
INFO:root:Task 6 seen 28/50 success=False goals=[False, False, True] (29.7s)
INFO:root:Task 6 seen 29/50 success=True goals=[True, True, True] (21.9s)
INFO:root:Task 6 seen 30/50 success=True goals=[True, True, True] (26.2s)
INFO:root:Task 6 seen 31/50 success=True goals=[True, True, True] (25.9s)
INFO:root:Task 6 seen 32/50 success=True goals=[True, True, True] (23.1s)
INFO:root:Task 6 seen 33/50 success=False goals=[False, True, True] (29.1s)
INFO:root:Task 6 seen 34/50 success=True goals=[True, True, True] (24.6s)
INFO:root:Task 6 seen 35/50 success=False goals=[False, True, True] (30.1s)
INFO:root:Task 6 seen 36/50 success=False goals=[False, True, True] (29.4s)
INFO:root:Task 6 seen 37/50 success=False goals=[False, False, True] (28.6s)
INFO:root:Task 6 seen 38/50 success=True goals=[True, True, True] (23.5s)
INFO:root:Task 6 seen 39/50 success=True goals=[True, True, True] (26.5s)
INFO:root:Task 6 seen 40/50 success=False goals=[False, True, True] (29.8s)
INFO:root:Task 6 seen 41/50 success=True goals=[True, True, True] (23.1s)
INFO:root:Task 6 seen 42/50 success=False goals=[False, True, True] (29.5s)
INFO:root:Task 6 seen 43/50 success=False goals=[False, True, True] (29.2s)
INFO:root:Task 6 seen 44/50 success=True goals=[True, True, True] (19.9s)
INFO:root:Task 6 seen 45/50 success=False goals=[False, True, True] (29.1s)
INFO:root:Task 6 seen 46/50 success=True goals=[True, True, True] (20.2s)
INFO:root:Task 6 seen 47/50 success=False goals=[False, False, True] (28.9s)
INFO:root:Task 6 seen 48/50 success=True goals=[True, True, True] (29.4s)
INFO:root:Task 6 seen 49/50 success=True goals=[True, True, True] (29.1s)
INFO:root:Task 6 seen 50/50 success=True goals=[True, True, True] (19.2s)
[info] using task orders [0, 1, 2, 3, 4, 5, 6, 7, 8, 9]
