[robosuite WARNING] No private macro file found! (macros.py:53)
[robosuite WARNING] It is recommended to use a private macro file (macros.py:54)
[robosuite WARNING] To setup, run: python /data/zjc/workspace/ContextFlow/examples/libero/.venv/lib/python3.8/site-packages/robosuite/scripts/setup_macros.py (macros.py:55)
Gym has been unmaintained since 2022 and does not support NumPy 2.0 amongst other critical functionality.
Please upgrade to Gymnasium, the maintained drop-in replacement of Gym, or contact the authors of your software and request that they upgrade.
See the migration guide at https://gymnasium.farama.org/introduction/migration_guide/ for additional information.
/data/zjc/workspace/ContextFlow/examples/libero/.venv/lib/python3.8/site-packages/numba/np/arraymath.py:3845: DeprecationWarning: `np.MachAr` is deprecated (NumPy 1.22).
  @overload(np.MachAr)
INFO:root:Waiting for server at ws://127.0.0.1:8130...
INFO:root:Task 7 seen 1/50 success=True goals=[True, True] (17.4s)
INFO:root:Task 7 seen 2/50 success=True goals=[True, True] (20.0s)
INFO:root:Task 7 seen 3/50 success=True goals=[True, True] (17.0s)
INFO:root:Task 7 seen 4/50 success=True goals=[True, True] (16.5s)
INFO:root:Task 7 seen 5/50 success=True goals=[True, True] (16.4s)
INFO:root:Task 7 seen 6/50 success=True goals=[True, True] (14.1s)
INFO:root:Task 7 seen 7/50 success=True goals=[True, True] (15.7s)
INFO:root:Task 7 seen 8/50 success=True goals=[True, True] (15.5s)
INFO:root:Task 7 seen 9/50 success=True goals=[True, True] (16.0s)
INFO:root:Task 7 seen 10/50 success=True goals=[True, True] (15.8s)
INFO:root:Task 7 seen 11/50 success=True goals=[True, True] (15.9s)
INFO:root:Task 7 seen 12/50 success=True goals=[True, True] (16.3s)
INFO:root:Task 7 seen 13/50 success=True goals=[True, True] (14.7s)
INFO:root:Task 7 seen 14/50 success=True goals=[True, True] (14.5s)
INFO:root:Task 7 seen 15/50 success=True goals=[True, True] (16.5s)
INFO:root:Task 7 seen 16/50 success=True goals=[True, True] (15.6s)
INFO:root:Task 7 seen 17/50 success=True goals=[True, True] (16.7s)
INFO:root:Task 7 seen 18/50 success=False goals=[False, True] (31.1s)
INFO:root:Task 7 seen 19/50 success=True goals=[True, True] (17.0s)
INFO:root:Task 7 seen 20/50 success=True goals=[True, True] (15.4s)
INFO:root:Task 7 seen 21/50 success=True goals=[True, True] (19.1s)
INFO:root:Task 7 seen 22/50 success=True goals=[True, True] (16.7s)
INFO:root:Task 7 seen 23/50 success=True goals=[True, True] (20.2s)
INFO:root:Task 7 seen 24/50 success=True goals=[True, True] (17.8s)
INFO:root:Task 7 seen 25/50 success=True goals=[True, True] (16.3s)
INFO:root:Task 7 seen 26/50 success=True goals=[True, True] (15.4s)
INFO:root:Task 7 seen 27/50 success=True goals=[True, True] (15.0s)
INFO:root:Task 7 seen 28/50 success=True goals=[True, True] (15.1s)
INFO:root:Task 7 seen 29/50 success=True goals=[True, True] (14.7s)
INFO:root:Task 7 seen 30/50 success=True goals=[True, True] (16.6s)
INFO:root:Task 7 seen 31/50 success=True goals=[True, True] (15.7s)
INFO:root:Task 7 seen 32/50 success=True goals=[True, True] (16.7s)
INFO:root:Task 7 seen 33/50 success=True goals=[True, True] (15.4s)
INFO:root:Task 7 seen 34/50 success=False goals=[True, False] (30.9s)
INFO:root:Task 7 seen 35/50 success=True goals=[True, True] (19.9s)
INFO:root:Task 7 seen 36/50 success=True goals=[True, True] (15.3s)
INFO:root:Task 7 seen 37/50 success=True goals=[True, True] (16.4s)
INFO:root:Task 7 seen 38/50 success=True goals=[True, True] (14.5s)
INFO:root:Task 7 seen 39/50 success=True goals=[True, True] (14.5s)
INFO:root:Task 7 seen 40/50 success=False goals=[True, False] (30.6s)
INFO:root:Task 7 seen 41/50 success=True goals=[True, True] (14.8s)
INFO:root:Task 7 seen 42/50 success=True goals=[True, True] (17.7s)
INFO:root:Task 7 seen 43/50 success=True goals=[True, True] (15.2s)
INFO:root:Task 7 seen 44/50 success=True goals=[True, True] (15.6s)
INFO:root:Task 7 seen 45/50 success=True goals=[True, True] (15.6s)
INFO:root:Task 7 seen 46/50 success=True goals=[True, True] (17.3s)
INFO:root:Task 7 seen 47/50 success=True goals=[True, True] (16.3s)
INFO:root:Task 7 seen 48/50 success=True goals=[True, True] (15.9s)
INFO:root:Task 7 seen 49/50 success=True goals=[True, True] (15.8s)
INFO:root:Task 7 seen 50/50 success=True goals=[True, True] (15.3s)
[info] using task orders [0, 1, 2, 3, 4, 5, 6, 7, 8, 9]
