examples/libero/goal_long_eval_test.py:17:24: PT011 `pytest.raises(ValueError)` is too broad, set the `match` parameter or use a more specific exception
examples/libero/goal_long_eval_test.py:17:35: E701 Multiple statements on one line (colon)
scripts/serve_goal_long.py:38:30: E701 Multiple statements on one line (colon)
scripts/serve_goal_long.py:49:25: E702 Multiple statements on one line (semicolon)
scripts/serve_goal_long.py:49:38: E702 Multiple statements on one line (semicolon)
scripts/serve_goal_long.py:49:51: E702 Multiple statements on one line (semicolon)
scripts/serve_goal_long.py:65:75: E701 Multiple statements on one line (colon)
scripts/serve_goal_long.py:68:47: E702 Multiple statements on one line (semicolon)
scripts/serve_goal_long.py:74:39: E701 Multiple statements on one line (colon)
scripts/serve_goal_long.py:76:63: E701 Multiple statements on one line (colon)
scripts/serve_goal_long.py:77:29: E702 Multiple statements on one line (semicolon)
scripts/serve_goal_long.py:77:42: E702 Multiple statements on one line (semicolon)
scripts/serve_goal_long.py:83:46: E702 Multiple statements on one line (semicolon)
scripts/serve_goal_long.py:113:64: E702 Multiple statements on one line (semicolon)
scripts/serve_goal_long.py:125:42: E701 Multiple statements on one line (colon)
scripts/serve_goal_long.py:128:22: E702 Multiple statements on one line (semicolon)
scripts/serve_goal_long.py:134:32: E702 Multiple statements on one line (semicolon)
scripts/serve_goal_long.py:134:73: E702 Multiple statements on one line (semicolon)
scripts/serve_goal_long.py:138:24: E702 Multiple statements on one line (semicolon)
Found 28 errors (9 fixed, 19 remaining).
