scripts/summarize_goal_long.py:38:12: E702 Multiple statements on one line (semicolon)
scripts/summarize_goal_long.py:38:23: E702 Multiple statements on one line (semicolon)
scripts/summarize_goal_long.py:38:33: E702 Multiple statements on one line (semicolon)
scripts/summarize_goal_long.py:41:17: E702 Multiple statements on one line (semicolon)
scripts/summarize_goal_long.py:41:33: E702 Multiple statements on one line (semicolon)
scripts/summarize_goal_long.py:43:40: E702 Multiple statements on one line (semicolon)
scripts/summarize_goal_long.py:45:53: E702 Multiple statements on one line (semicolon)
scripts/summarize_goal_long.py:45:89: E702 Multiple statements on one line (semicolon)
scripts/summarize_goal_long.py:56:18: E702 Multiple statements on one line (semicolon)
scripts/summarize_goal_long.py:56:30: E702 Multiple statements on one line (semicolon)
scripts/summarize_goal_long.py:56:39: E702 Multiple statements on one line (semicolon)
scripts/summarize_goal_long.py:56:50: E702 Multiple statements on one line (semicolon)
scripts/summarize_goal_long.py:57:20: E702 Multiple statements on one line (semicolon)
scripts/summarize_goal_long.py:61:46: E702 Multiple statements on one line (semicolon)
scripts/summarize_goal_long.py:61:67: E702 Multiple statements on one line (semicolon)
scripts/summarize_goal_long.py:71:24: E701 Multiple statements on one line (colon)
scripts/summarize_goal_long.py:71:25: PT018 Assertion should be broken down into multiple parts
scripts/summarize_goal_long.py:72:21: E701 Multiple statements on one line (colon)
scripts/summarize_goal_long.py:80:51: E702 Multiple statements on one line (semicolon)
scripts/summarize_goal_long.py:81:26: E702 Multiple statements on one line (semicolon)
scripts/summarize_goal_long.py:81:58: E702 Multiple statements on one line (semicolon)
scripts/summarize_goal_long.py:104:52: E702 Multiple statements on one line (semicolon)
scripts/summarize_goal_long.py:108:37: E701 Multiple statements on one line (colon)
scripts/summarize_goal_long.py:116:52: E702 Multiple statements on one line (semicolon)
scripts/summarize_goal_long.py:124:64: E702 Multiple statements on one line (semicolon)
scripts/summarize_goal_long.py:124:85: E702 Multiple statements on one line (semicolon)
scripts/summarize_goal_long.py:142:26: E702 Multiple statements on one line (semicolon)
scripts/summarize_goal_long.py:142:45: E702 Multiple statements on one line (semicolon)
scripts/summarize_goal_long.py:142:79: E702 Multiple statements on one line (semicolon)
scripts/summarize_goal_long.py:143:35: E701 Multiple statements on one line (colon)
scripts/summarize_goal_long.py:144:35: E702 Multiple statements on one line (semicolon)
scripts/summarize_goal_long.py:145:23: E702 Multiple statements on one line (semicolon)
scripts/summarize_goal_long.py:145:69: E702 Multiple statements on one line (semicolon)
scripts/summarize_goal_long.py:145:107: E702 Multiple statements on one line (semicolon)
scripts/summarize_goal_long.py:156:9: PERF401 Use `list.extend` to create a transformed list
scripts/summarize_goal_long.py:169:35: E701 Multiple statements on one line (colon)
scripts/summarize_goal_long.py:188:32: E702 Multiple statements on one line (semicolon)
scripts/summarize_goal_long.py:188:81: E702 Multiple statements on one line (semicolon)
scripts/summarize_goal_long.py:189:28: E702 Multiple statements on one line (semicolon)
scripts/summarize_goal_long.py:189:51: E702 Multiple statements on one line (semicolon)
Found 278 errors (238 fixed, 40 remaining).
