{
  "pilot": true,
  "trials_per_cell": 5,
  "new_rollouts": 40,
  "new_rollout_elapsed_seconds": 874.1144831236452,
  "matched_historical_full_demo_rollouts": 40,
  "reused_historical_no_context_rollouts": 20,
  "attention_records": 120,
  "comparison": [
    {
      "layout": "original",
      "language": "milk",
      "context": "correct",
      "variant": "full_demo",
      "trials": 5,
      "milk_in_basket": 4,
      "tomato_sauce_in_basket": 0,
      "language_successes": 4,
      "other_successes": 0,
      "demo_identity": "milk",
      "demo_position_occupant": "milk",
      "demo_position_occupant_successes": 4,
      "language_only": 4,
      "other_only": 0,
      "both": 0,
      "neither": 1,
      "distractor_ever_in_basket": 0
    },
    {
      "layout": "original",
      "language": "milk",
      "context": "correct",
      "variant": "zero_demo_action",
      "trials": 5,
      "milk_in_basket": 5,
      "tomato_sauce_in_basket": 0,
      "language_successes": 5,
      "other_successes": 0,
      "demo_identity": "milk",
      "demo_position_occupant": "milk",
      "demo_position_occupant_successes": 5,
      "language_only": 5,
      "other_only": 0,
      "both": 0,
      "neither": 0,
      "distractor_ever_in_basket": 0
    },
    {
      "layout": "original",
      "language": "tomato_sauce",
      "context": "correct",
      "variant": "full_demo",
      "trials": 5,
      "milk_in_basket": 0,
      "tomato_sauce_in_basket": 4,
      "language_successes": 4,
      "other_successes": 0,
      "demo_identity": "tomato_sauce",
      "demo_position_occupant": "tomato_sauce",
      "demo_position_occupant_successes": 4,
      "language_only": 4,
      "other_only": 0,
      "both": 0,
      "neither": 1,
      "distractor_ever_in_basket": 0
    },
    {
      "layout": "original",
      "language": "tomato_sauce",
      "context": "correct",
      "variant": "zero_demo_action",
      "trials": 5,
      "milk_in_basket": 0,
      "tomato_sauce_in_basket": 3,
      "language_successes": 3,
      "other_successes": 0,
      "demo_identity": "tomato_sauce",
      "demo_position_occupant": "tomato_sauce",
      "demo_position_occupant_successes": 3,
      "language_only": 3,
      "other_only": 0,
      "both": 0,
      "neither": 2,
      "distractor_ever_in_basket": 0
    },
    {
      "layout": "original",
      "language": "milk",
      "context": "wrong",
      "variant": "full_demo",
      "trials": 5,
      "milk_in_basket": 0,
      "tomato_sauce_in_basket": 5,
      "language_successes": 0,
      "other_successes": 5,
      "demo_identity": "tomato_sauce",
      "demo_position_occupant": "tomato_sauce",
      "demo_position_occupant_successes": 5,
      "language_only": 0,
      "other_only": 5,
      "both": 0,
      "neither": 0,
      "distractor_ever_in_basket": 0
    },
    {
      "layout": "original",
      "language": "milk",
      "context": "wrong",
      "variant": "zero_demo_action",
      "trials": 5,
      "milk_in_basket": 0,
      "tomato_sauce_in_basket": 4,
      "language_successes": 0,
      "other_successes": 4,
      "demo_identity": "tomato_sauce",
      "demo_position_occupant": "tomato_sauce",
      "demo_position_occupant_successes": 4,
      "language_only": 0,
      "other_only": 4,
      "both": 0,
      "neither": 1,
      "distractor_ever_in_basket": 0
    },
    {
      "layout": "original",
      "language": "tomato_sauce",
      "context": "wrong",
      "variant": "full_demo",
      "trials": 5,
      "milk_in_basket": 5,
      "tomato_sauce_in_basket": 0,
      "language_successes": 0,
      "other_successes": 5,
      "demo_identity": "milk",
      "demo_position_occupant": "milk",
      "demo_position_occupant_successes": 5,
      "language_only": 0,
      "other_only": 5,
      "both": 0,
      "neither": 0,
      "distractor_ever_in_basket": 0
    },
    {
      "layout": "original",
      "language": "tomato_sauce",
      "context": "wrong",
      "variant": "zero_demo_action",
      "trials": 5,
      "milk_in_basket": 5,
      "tomato_sauce_in_basket": 0,
      "language_successes": 0,
      "other_successes": 5,
      "demo_identity": "milk",
      "demo_position_occupant": "milk",
      "demo_position_occupant_successes": 5,
      "language_only": 0,
      "other_only": 5,
      "both": 0,
      "neither": 0,
      "distractor_ever_in_basket": 0
    },
    {
      "layout": "original",
      "language": "milk",
      "context": "no",
      "variant": "no_reference",
      "trials": 5,
      "milk_in_basket": 0,
      "tomato_sauce_in_basket": 0,
      "language_successes": 0,
      "other_successes": 0,
      "demo_identity": null,
      "demo_position_occupant": null,
      "demo_position_occupant_successes": null,
      "language_only": 0,
      "other_only": 0,
      "both": 0,
      "neither": 5,
      "distractor_ever_in_basket": 0
    },
    {
      "layout": "original",
      "language": "tomato_sauce",
      "context": "no",
      "variant": "no_reference",
      "trials": 5,
      "milk_in_basket": 0,
      "tomato_sauce_in_basket": 0,
      "language_successes": 0,
      "other_successes": 0,
      "demo_identity": null,
      "demo_position_occupant": null,
      "demo_position_occupant_successes": null,
      "language_only": 0,
      "other_only": 0,
      "both": 0,
      "neither": 5,
      "distractor_ever_in_basket": 0
    },
    {
      "layout": "swap_milk_tomato",
      "language": "milk",
      "context": "correct",
      "variant": "full_demo",
      "trials": 5,
      "milk_in_basket": 0,
      "tomato_sauce_in_basket": 5,
      "language_successes": 0,
      "other_successes": 5,
      "demo_identity": "milk",
      "demo_position_occupant": "tomato_sauce",
      "demo_position_occupant_successes": 5,
      "language_only": 0,
      "other_only": 5,
      "both": 0,
      "neither": 0,
      "distractor_ever_in_basket": 0
    },
    {
      "layout": "swap_milk_tomato",
      "language": "milk",
      "context": "correct",
      "variant": "zero_demo_action",
      "trials": 5,
      "milk_in_basket": 0,
      "tomato_sauce_in_basket": 3,
      "language_successes": 0,
      "other_successes": 3,
      "demo_identity": "milk",
      "demo_position_occupant": "tomato_sauce",
      "demo_position_occupant_successes": 3,
      "language_only": 0,
      "other_only": 3,
      "both": 0,
      "neither": 2,
      "distractor_ever_in_basket": 0
    },
    {
      "layout": "swap_milk_tomato",
      "language": "tomato_sauce",
      "context": "correct",
      "variant": "full_demo",
      "trials": 5,
      "milk_in_basket": 5,
      "tomato_sauce_in_basket": 0,
      "language_successes": 0,
      "other_successes": 5,
      "demo_identity": "tomato_sauce",
      "demo_position_occupant": "milk",
      "demo_position_occupant_successes": 5,
      "language_only": 0,
      "other_only": 5,
      "both": 0,
      "neither": 0,
      "distractor_ever_in_basket": 0
    },
    {
      "layout": "swap_milk_tomato",
      "language": "tomato_sauce",
      "context": "correct",
      "variant": "zero_demo_action",
      "trials": 5,
      "milk_in_basket": 4,
      "tomato_sauce_in_basket": 0,
      "language_successes": 0,
      "other_successes": 4,
      "demo_identity": "tomato_sauce",
      "demo_position_occupant": "milk",
      "demo_position_occupant_successes": 4,
      "language_only": 0,
      "other_only": 4,
      "both": 0,
      "neither": 1,
      "distractor_ever_in_basket": 0
    },
    {
      "layout": "swap_milk_tomato",
      "language": "milk",
      "context": "wrong",
      "variant": "full_demo",
      "trials": 5,
      "milk_in_basket": 2,
      "tomato_sauce_in_basket": 0,
      "language_successes": 2,
      "other_successes": 0,
      "demo_identity": "tomato_sauce",
      "demo_position_occupant": "milk",
      "demo_position_occupant_successes": 2,
      "language_only": 2,
      "other_only": 0,
      "both": 0,
      "neither": 3,
      "distractor_ever_in_basket": 0
    },
    {
      "layout": "swap_milk_tomato",
      "language": "milk",
      "context": "wrong",
      "variant": "zero_demo_action",
      "trials": 5,
      "milk_in_basket": 4,
      "tomato_sauce_in_basket": 0,
      "language_successes": 4,
      "other_successes": 0,
      "demo_identity": "tomato_sauce",
      "demo_position_occupant": "milk",
      "demo_position_occupant_successes": 4,
      "language_only": 4,
      "other_only": 0,
      "both": 0,
      "neither": 1,
      "distractor_ever_in_basket": 0
    },
    {
      "layout": "swap_milk_tomato",
      "language": "tomato_sauce",
      "context": "wrong",
      "variant": "full_demo",
      "trials": 5,
      "milk_in_basket": 0,
      "tomato_sauce_in_basket": 4,
      "language_successes": 4,
      "other_successes": 0,
      "demo_identity": "milk",
      "demo_position_occupant": "tomato_sauce",
      "demo_position_occupant_successes": 4,
      "language_only": 4,
      "other_only": 0,
      "both": 0,
      "neither": 1,
      "distractor_ever_in_basket": 0
    },
    {
      "layout": "swap_milk_tomato",
      "language": "tomato_sauce",
      "context": "wrong",
      "variant": "zero_demo_action",
      "trials": 5,
      "milk_in_basket": 0,
      "tomato_sauce_in_basket": 4,
      "language_successes": 4,
      "other_successes": 0,
      "demo_identity": "milk",
      "demo_position_occupant": "tomato_sauce",
      "demo_position_occupant_successes": 4,
      "language_only": 4,
      "other_only": 0,
      "both": 0,
      "neither": 1,
      "distractor_ever_in_basket": 0
    },
    {
      "layout": "swap_milk_tomato",
      "language": "milk",
      "context": "no",
      "variant": "no_reference",
      "trials": 5,
      "milk_in_basket": 0,
      "tomato_sauce_in_basket": 0,
      "language_successes": 0,
      "other_successes": 0,
      "demo_identity": null,
      "demo_position_occupant": null,
      "demo_position_occupant_successes": null,
      "language_only": 0,
      "other_only": 0,
      "both": 0,
      "neither": 5,
      "distractor_ever_in_basket": 0
    },
    {
      "layout": "swap_milk_tomato",
      "language": "tomato_sauce",
      "context": "no",
      "variant": "no_reference",
      "trials": 5,
      "milk_in_basket": 0,
      "tomato_sauce_in_basket": 0,
      "language_successes": 0,
      "other_successes": 0,
      "demo_identity": null,
      "demo_position_occupant": null,
      "demo_position_occupant_successes": null,
      "language_only": 0,
      "other_only": 0,
      "both": 0,
      "neither": 5,
      "distractor_ever_in_basket": 0
    }
  ],
  "paired_transitions": {
    "neither -> language_only": 5,
    "language_only -> language_only": 11,
    "neither -> neither": 1,
    "language_only -> neither": 3,
    "other_only -> other_only": 16,
    "other_only -> neither": 4
  },
  "all_initial_states_observations_demo_seeds_paired": true,
  "baseline": "/data/zjc/workspace/ContextFlow/logs/quickstart/position_swap_object_25trials_20260922_175506",
  "server": "/data/zjc/workspace/ContextFlow/logs/action_ablation/experiment2_zero_demo_action_5trials_20260923_195359/server_attempt1",
  "no_context_was_not_changed_or_rerun": true,
  "ood_caveat": true
}
