Official wheel: 1561.2 MiB; 49 resumable chunks; sha256=b6a799bdb6ee3d914e5e62bddb4276d4a10248c1af4f2d217738e5f9ee27485b
Downloaded 1/49 chunks
Downloaded 2/49 chunks
Downloaded 3/49 chunks
Downloaded 4/49 chunks
Downloaded 5/49 chunks
Downloaded 6/49 chunks
Downloaded 7/49 chunks
Downloaded 8/49 chunks
Downloaded 9/49 chunks
Downloaded 10/49 chunks
Downloaded 11/49 chunks
Downloaded 12/49 chunks
Downloaded 13/49 chunks
Downloaded 14/49 chunks
Downloaded 15/49 chunks
Downloaded 16/49 chunks
Downloaded 17/49 chunks
Downloaded 18/49 chunks
Downloaded 19/49 chunks
Downloaded 20/49 chunks
Downloaded 21/49 chunks
Downloaded 22/49 chunks
Downloaded 23/49 chunks
Downloaded 24/49 chunks
Downloaded 25/49 chunks
Downloaded 26/49 chunks
Downloaded 27/49 chunks
Downloaded 28/49 chunks
Downloaded 29/49 chunks
Downloaded 30/49 chunks
Downloaded 31/49 chunks
Downloaded 32/49 chunks
Downloaded 33/49 chunks
Downloaded 34/49 chunks
Downloaded 35/49 chunks
Downloaded 36/49 chunks
Downloaded 37/49 chunks
Downloaded 38/49 chunks
Downloaded 39/49 chunks
Downloaded 40/49 chunks
Downloaded 41/49 chunks
Downloaded 42/49 chunks
Chunk 44 retry 1: ('Connection broken: IncompleteRead(4351616 bytes read, 29202816 more expected)', IncompleteRead(4351616 bytes read, 29202816 more expected))
Chunk 45 retry 1: ('Connection broken: IncompleteRead(3991168 bytes read, 29563264 more expected)', IncompleteRead(3991168 bytes read, 29563264 more expected))Chunk 46 retry 1: ('Connection broken: IncompleteRead(3815872 bytes read, 29738560 more expected)', IncompleteRead(3815872 bytes read, 29738560 more expected))

Chunk 43 retry 1: ('Connection broken: IncompleteRead(5049472 bytes read, 28504960 more expected)', IncompleteRead(5049472 bytes read, 28504960 more expected))Chunk 47 retry 1: ('Connection broken: IncompleteRead(3866496 bytes read, 29687936 more expected)', IncompleteRead(3866496 bytes read, 29687936 more expected))

Chunk 42 retry 1: ('Connection broken: IncompleteRead(7605952 bytes read, 25948480 more expected)', IncompleteRead(7605952 bytes read, 25948480 more expected))
Downloaded 43/49 chunks
Downloaded 44/49 chunks
Downloaded 45/49 chunks
Downloaded 46/49 chunks
Downloaded 47/49 chunks
Downloaded 48/49 chunks
Downloaded 49/49 chunks
SHA256 verified: .cache/libero-torch-download/torch-1.11.0+cu113-cp38-cp38-linux_x86_64.whl
