Encoded episode 0/correct: 281 frames + 56 attention calls
Encoded episode 0/no: 281 frames + 56 attention calls
Encoded episode 0/wrong: 281 frames + 56 attention calls
PAGE READY: episode 0
Encoded episode 1/correct: 281 frames + 56 attention calls
Encoded episode 1/no: 281 frames + 56 attention calls
Encoded episode 1/wrong: 281 frames + 56 attention calls
PAGE READY: episode 1
Encoded episode 2/correct: 281 frames + 56 attention calls
Encoded episode 2/no: 281 frames + 56 attention calls
Encoded episode 2/wrong: 281 frames + 56 attention calls
PAGE READY: episode 2
Encoded episode 3/correct: 281 frames + 56 attention calls
Encoded episode 3/no: 281 frames + 56 attention calls
Encoded episode 3/wrong: 281 frames + 56 attention calls
PAGE READY: episode 3
Encoded episode 4/correct: 281 frames + 56 attention calls
Encoded episode 4/no: 281 frames + 56 attention calls
Encoded episode 4/wrong: 281 frames + 56 attention calls
PAGE READY: episode 4
ALL PAGES COMPLETE
